// Jest Snapshot v1, https://jestjs.io/docs/snapshot-testing

exports[`renders homepage unchanged 1`] = `
{
  "redirect": [Function],
  "setHeader": [Function],
}
`;

exports[`renders homepage unchanged 2`] = `
{
  "Content-Type": "image/svg+xml",
}
`;

exports[`renders homepage unchanged 3`] = `"https://quickchart.io/chart?c=%7B%22type%22%3A%22outlabeledPie%22%2C%22data%22%3A%7B%22datasets%22%3A%5B%7B%22backgroundColor%22%3A%5B%22hsl(0%2C%20100%25%2C%2050%25)%22%2C%22hsl(36%2C%20100%25%2C%2050%25)%22%2C%22hsl(72%2C%20100%25%2C%2050%25)%22%2C%22hsl(108%2C%20100%25%2C%2050%25)%22%2C%22hsl(144%2C%20100%25%2C%2050%25)%22%2C%22hsl(180%2C%20100%25%2C%2050%25)%22%2C%22hsl(216%2C%20100%25%2C%2050%25)%22%2C%22hsl(252%2C%20100%25%2C%2050%25)%22%2C%22hsl(288%2C%20100%25%2C%2050%25)%22%2C%22hsl(324%2C%20100%25%2C%2050%25)%22%5D%2C%22data%22%3A%5B28%2C27%2C11%2C8%2C7%2C7%2C6%2C3%2C2%2C2%5D%7D%5D%2C%22labels%22%3A%5B%22TypeScript%22%2C%22PHP%22%2C%22Terminal%20(Zsh)%22%2C%22TypeScript%20(JSX)%22%2C%22JavaScript%22%2C%22Plain%20text%22%2C%22vim%22%2C%22HTML%22%2C%22Markdown%22%2C%22JSON%22%5D%7D%2C%22options%22%3A%7B%22rotation%22%3A-90%2C%22plugins%22%3A%7B%22legend%22%3Afalse%2C%22outlabels%22%3A%7B%22text%22%3A%22%25l%20%25p%22%2C%22color%22%3A(context)%20%3D%3E%20%7B%20const%20n%20%3D%20context.chart.data.datasets%5B0%5D.data.length%3B%20const%20h%20%3D%20(context.dataIndex%20%2F%20n)%20*%20360%3B%20if%20(h%20%3E%3D%2040%20%26%26%20h%20%3C%3D%20190)%20%7B%20return%20'black'%3B%20%7D%20return%20'white'%3B%20%7D%2C%22font%22%3A%7B%22resizable%22%3Atrue%2C%22minSize%22%3A12%2C%22maxSize%22%3A18%7D%7D%7D%7D%7D"`;
